// Jest Snapshot v1, https://goo.gl/fbAQLP

exports[`Button matches snapshot 1`] = `
<Button>
  <styled.button
    type="button"
  >
    <StyledComponent
      forwardedComponent={
        Object {
          "$$typeof": Symbol(react.forward_ref),
          "attrs": Array [],
          "componentStyle": ComponentStyle {
            "componentId": "sc-bdVaJa",
            "isStatic": false,
            "lastClassName": "eFoRlt",
            "rules": Array [
              "
  outline: 0;
  border: 0;
  color: ",
              [Function],
              ";
  background-color: #fff;
  padding: 0px 7px;
  font-size: 14px;
  font-weight: 600;
  text-align: center;
  cursor: pointer;
",
            ],
          },
          "displayName": "styled.button",
          "foldedComponentIds": Array [],
          "render": [Function],
          "styledComponentId": "sc-bdVaJa",
          "target": "button",
          "toString": [Function],
          "warnTooManyClasses": [Function],
          "withComponent": [Function],
        }
      }
      forwardedRef={null}
      type="button"
    >
      <button
        className="sc-bdVaJa eFoRlt"
        type="button"
      >
        Button
      </button>
    </StyledComponent>
  </styled.button>
</Button>
`;
